
> songrates@0.1.0 test
> jest

node.exe : PASS tests/components/search/SearchInput.test.tsx
At C:\Program Files\nodejs\npm.ps1:29 char:3
+   & $NODE_EXE $NPM_CLI_JS $args
+   ~~~~~~~~~~~~~~~~~~~~~~~~~~~~~
    + CategoryInfo          : NotSpecified: (PASS tests/comp...hInput.test.t 
   sx:String) [], RemoteException
    + FullyQualifiedErrorId : NativeCommandError
 
PASS tests/app/api/artist-info/route.test.ts
  ΓùÅ Console

    console.error
      Wikidata fetch error: Error: Network Error
          at Object.<anonymous> (C:\Users\mpitt\Documents\code\personal\songr
ates\tests\app\api\artist-info\route.test.ts:95:51)
          at Promise.finally.completed (C:\Users\mpitt\Documents\code\persona
l\songrates\node_modules\jest-circus\build\jestAdapterInit.js:1557:28)
          at new Promise (<anonymous>)
          at callAsyncCircusFn (C:\Users\mpitt\Documents\code\personal\songra
tes\node_modules\jest-circus\build\jestAdapterInit.js:1497:10)
          at _callCircusTest (C:\Users\mpitt\Documents\code\personal\songrate
s\node_modules\jest-circus\build\jestAdapterInit.js:1007:40)
          at async _runTest (C:\Users\mpitt\Documents\code\personal\songrates
\node_modules\jest-circus\build\jestAdapterInit.js:947:3)
          at async C:\Users\mpitt\Documents\code\personal\songrates\node_modu
les\jest-circus\build\jestAdapterInit.js:849:7
          at async _runTestsForDescribeBlock (C:\Users\mpitt\Documents\code\p
ersonal\songrates\node_modules\jest-circus\build\jestAdapterInit.js:862:11)
          at async _runTestsForDescribeBlock (C:\Users\mpitt\Documents\code\p
ersonal\songrates\node_modules\jest-circus\build\jestAdapterInit.js:857:11)
          at async run (C:\Users\mpitt\Documents\code\personal\songrates\node
_modules\jest-circus\build\jestAdapterInit.js:761:3)
          at async runAndTransformResultsToJestFormat (C:\Users\mpitt\Documen
ts\code\personal\songrates\node_modules\jest-circus\build\jestAdapterInit.js:
1918:21)
          at async jestAdapter (C:\Users\mpitt\Documents\code\personal\songra
tes\node_modules\jest-circus\build\runner.js:101:19)
          at async runTestInternal (C:\Users\mpitt\Documents\code\personal\so
ngrates\node_modules\jest-runner\build\index.js:275:16)
          at async runTest (C:\Users\mpitt\Documents\code\personal\songrates\
node_modules\jest-runner\build\index.js:343:7)

    [0m [90m 366 |[39m     [36mconst[39m res [33m=[39m 
[36mawait[39m fetch(url[33m,[39m {
     [90m 367 |[39m       headers[33m:[39m { 
[32m"User-Agent"[39m[33m:[39m [33mMB_USER_AGENT[39m[33m,[39m 
[33mAccept[39m[33m:[39m [32m"application/json"[39m }[33m,[39m
    [31m[1m>[22m[39m[90m 368 |[39m       next[33m:[39m { 
revalidate[33m:[39m [35m86400[39m }[33m,[39m
     [90m     |[39m                 [31m[1m^[22m[39m
     [90m 369 |[39m     })[33m;[39m
     [90m 370 |[39m     [36mif[39m ([33m![39mres[33m.[39mok) 
[36mreturn[39m {}[33m;[39m
     [90m 371 |[39m     [36mconst[39m data [33m=[39m [36mawait[39m 
res[33m.[39mjson()[33m;[39m[0m

      at fetchWikidataInfo (src/lib/musicbrainz.ts:368:17)
          at async Promise.all (index 0)
      at async getArtistData (src/lib/musicbrainz.ts:42:36)
      at async GET (src/app/api/artist-info/route.ts:23:18)
      at async Object.<anonymous> 
(tests/app/api/artist-info/route.test.ts:99:21)

PASS tests/components/Header.test.tsx
PASS tests/hooks/useSearchInput.test.ts
PASS tests/app/api/musicbrainz/albums/route.test.ts
PASS tests/app/api/musicbrainz/artist/route.test.ts
PASS tests/app/api/musicbrainz/tracks/route.test.ts
PASS tests/app/api/youtube-search/route.test.ts
FAIL tests/components/SearchBar.test.tsx
  ΓùÅ Test suite failed to run

    Cannot find module '@/hooks/useSearchInput' from 
'tests/components/SearchBar.test.tsx'

    [0m [90m  6 |[39m 
jest[33m.[39mmock([32m"next/navigation"[39m[33m,[39m () [33m=>[39m ({
     [90m  7 |[39m   useRouter[33m:[39m jest[33m.[39mfn()[33m,[39m
    [31m[1m>[22m[39m[90m  8 |[39m   useSearchParams[33m:[39m 
jest[33m.[39mfn()[33m,[39m
     [90m    |[39m      [31m[1m^[22m[39m
     [90m  9 |[39m }))[33m;[39m
     [90m 10 |[39m
     [90m 11 |[39m [90m// Mock useSearchInput hook[39m[0m

      at Resolver._throwModNotFoundError 
(node_modules/jest-resolve/build/index.js:863:11)
      at Object.<anonymous> (tests/components/SearchBar.test.tsx:8:6)

FAIL tests/components/HeaderSearchBar.test.tsx
  ΓùÅ Test suite failed to run

    Cannot find module '@/hooks/useSearchInput' from 
'tests/components/HeaderSearchBar.test.tsx'

    [0m [90m 17 |[39m [90m// Mock useSearchInput hook[39m
     [90m 18 |[39m 
jest[33m.[39mmock([32m"@/hooks/useSearchInput"[39m[33m,[39m () 
[33m=>[39m ({
    [31m[1m>[22m[39m[90m 19 |[39m   useSearchInput[33m:[39m 
jest[33m.[39mfn(() [33m=>[39m ({
     [90m    |[39m      [31m[1m^[22m[39m
     [90m 20 |[39m     query[33m:[39m [32m""[39m[33m,[39m
     [90m 21 |[39m     setQuery[33m:[39m jest[33m.[39mfn()[33m,[39m
     [90m 22 |[39m     debouncedQuery[33m:[39m 
[32m""[39m[33m,[39m[0m

      at Resolver._throwModNotFoundError 
(node_modules/jest-resolve/build/index.js:863:11)
      at Object.<anonymous> (tests/components/HeaderSearchBar.test.tsx:19:6)

Test Suites: 2 failed, 8 passed, 10 total
Tests:       50 passed, 50 total
Snapshots:   0 total
Time:        2.821 s
Ran all test suites.
