src/app/playlist/[id]/page.tsx(339,23): error TS2322: Type 'number' is not assignable to type 'string'.
src/app/playlist/[id]/page.tsx(351,21): error TS2739: Type '{ id: string; title: string; artistName: string; }' is missing the following properties from type 'AlbumContext': albumId, totalTracks
